[dotenv@17.2.3] injecting env (13) from .env -- tip: ⚙️  specify custom .env file path with { path: '/custom/path/.env' }
[dotenv@17.2.3] injecting env (0) from .env -- tip: ⚙️  write to custom object with { processEnv: myObject }
[dotenv@17.2.3] injecting env (0) from .env -- tip: 🔐 prevent building .env in docker: https://dotenvx.com/prebuild
node:internal/modules/cjs/loader:1368
  throw err;
  ^

Error: Cannot find module '../db'
Require stack:
- C:\xampp\htdocs\Gargobarb2\backend\src\models\User.js
- C:\xampp\htdocs\Gargobarb2\backend\src\services\auth.service.js
- C:\xampp\htdocs\Gargobarb2\backend\src\controllers\auth.controller.js
- C:\xampp\htdocs\Gargobarb2\backend\src\routes\auth.routes.js
- C:\xampp\htdocs\Gargobarb2\backend\src\app.js
- C:\xampp\htdocs\Gargobarb2\backend\src\index.js
    at Function._resolveFilename (node:internal/modules/cjs/loader:1365:15)
    at defaultResolveImpl (node:internal/modules/cjs/loader:1021:19)
    at resolveForCJSWithHooks (node:internal/modules/cjs/loader:1026:22)
    at Function._load (node:internal/modules/cjs/loader:1175:37)
    at TracingChannel.traceSync (node:diagnostics_channel:322:14)
    at wrapModuleLoad (node:internal/modules/cjs/loader:235:24)
    at Module.require (node:internal/modules/cjs/loader:1445:12)
    at require (node:internal/modules/helpers:135:16)
    at Object.<anonymous> (C:\xampp\htdocs\Gargobarb2\backend\src\models\User.js:5:23)
    at Module._compile (node:internal/modules/cjs/loader:1688:14) {
  code: 'MODULE_NOT_FOUND',
  requireStack: [
    'C:\\xampp\\htdocs\\Gargobarb2\\backend\\src\\models\\User.js',
    'C:\\xampp\\htdocs\\Gargobarb2\\backend\\src\\services\\auth.service.js',
    'C:\\xampp\\htdocs\\Gargobarb2\\backend\\src\\controllers\\auth.controller.js',
    'C:\\xampp\\htdocs\\Gargobarb2\\backend\\src\\routes\\auth.routes.js',
    'C:\\xampp\\htdocs\\Gargobarb2\\backend\\src\\app.js',
    'C:\\xampp\\htdocs\\Gargobarb2\\backend\\src\\index.js'
  ]
}

Node.js v22.18.0
